2025-09-03 21:00:44,003 [INFO] Activator:176 - 


2025-09-03 21:00:44,006 [INFO] Activator:177 - !SESSION log4j initialized
2025-09-03 21:00:49,154 [INFO] LogOutputStream:77 - [STDOUT_REDIRECT] 
2025-09-03 21:00:52,430 [INFO] ApplicationProperties:184 - Using Application install path: C:\ST\STM32CubeIDE_1.14.1\STM32CubeIDE\plugins\com.st.stm32cube.common.mx_6.10.0.202311202037
2025-09-03 21:00:52,454 [INFO] DbMcusXml:78 - Set database path to: C:\ST\STM32CubeIDE_1.14.1\STM32CubeIDE\plugins\com.st.stm32cube.common.mx_6.10.0.202311202037\\db\/mcu/
2025-09-03 21:00:52,454 [INFO] ApiDb:274 - Set plugin database path to: C:\ST\STM32CubeIDE_1.14.1\STM32CubeIDE\plugins\com.st.stm32cube.common.mx_6.10.0.202311202037\\db\/plugins/boardmanager/
2025-09-03 21:00:52,455 [WARN] ApiDb:259 - Overriding images path with different value:  => C:\ST\STM32CubeIDE_1.14.1\STM32CubeIDE\plugins\com.st.stm32cube.common.mx_6.10.0.202311202037\\db\/plugins/mcufinder/images/
2025-09-03 21:00:52,464 [INFO] ApiDb:250 - Set database path to: C:\Users\djspe\.stmcufinder\plugins\mcufinder//mcu/
2025-09-03 21:00:52,465 [INFO] DbMcusAds:125 - Set database path to: C:\Users\djspe\.stmcufinder\plugins\mcufinder//mcu/
2025-09-03 21:00:52,469 [INFO] CrossReferenceDbSqlite:203 - Set database path to: C:\Users\djspe\.stmcufinder\plugins\mcufinder//mcu/cs/
2025-09-03 21:00:52,653 [INFO] RulesReader:64 - Compatibility file has been processed (297 Rules)
2025-09-03 21:00:52,816 [INFO] DbMcusXml:78 - Set database path to: C:\ST\STM32CubeIDE_1.14.1\STM32CubeIDE\plugins\com.st.stm32cube.common.mx_6.10.0.202311202037\\db\/mcu/
2025-09-03 21:00:52,816 [INFO] ApiDb:274 - Set plugin database path to: C:\ST\STM32CubeIDE_1.14.1\STM32CubeIDE\plugins\com.st.stm32cube.common.mx_6.10.0.202311202037\\db\/plugins/boardmanager/
2025-09-03 21:00:52,817 [INFO] ApiDb:261 - Set plugin images path to: C:\ST\STM32CubeIDE_1.14.1\STM32CubeIDE\plugins\com.st.stm32cube.common.mx_6.10.0.202311202037\\db\/plugins/mcufinder/images/
2025-09-03 21:00:52,817 [WARN] DbFile:41 - Overriding database path with different value: C:\Users\djspe\.stmcufinder\plugins\mcufinder/ => C:\Users\djspe\.stmcufinder\plugins\mcufinder
2025-09-03 21:00:52,817 [INFO] ApiDb:250 - Set database path to: C:\Users\djspe\.stmcufinder\plugins\mcufinder//mcu/
2025-09-03 21:00:52,818 [WARN] DbFile:41 - Overriding database path with different value: C:\Users\djspe\.stmcufinder\plugins\mcufinder/ => C:\Users\djspe\.stmcufinder\plugins\mcufinder
2025-09-03 21:00:52,818 [INFO] DbMcusAds:125 - Set database path to: C:\Users\djspe\.stmcufinder\plugins\mcufinder//mcu/
2025-09-03 21:00:52,818 [WARN] DbFile:41 - Overriding database path with different value: C:\Users\djspe\.stmcufinder\plugins\mcufinder/ => C:\Users\djspe\.stmcufinder\plugins\mcufinder
2025-09-03 21:00:52,818 [WARN] DbFile:41 - Overriding database path with different value: C:\Users\djspe\.stmcufinder\plugins\mcufinder/ => C:\Users\djspe\.stmcufinder\plugins\mcufinder
2025-09-03 21:00:52,818 [INFO] CrossReferenceDbSqlite:203 - Set database path to: C:\Users\djspe\.stmcufinder\plugins\mcufinder//mcu/cs/
2025-09-03 21:00:52,946 [INFO] MainPanel:264 - HeapMemory: 268435456
2025-09-03 21:00:53,030 [INFO] DbMcusXml:78 - Set database path to: C:\ST\STM32CubeIDE_1.14.1\STM32CubeIDE\plugins\com.st.stm32cube.common.mx_6.10.0.202311202037\\db\/mcu/
2025-09-03 21:00:53,030 [INFO] ApiDb:274 - Set plugin database path to: C:\ST\STM32CubeIDE_1.14.1\STM32CubeIDE\plugins\com.st.stm32cube.common.mx_6.10.0.202311202037\\db\/plugins/boardmanager/
2025-09-03 21:00:53,030 [INFO] ApiDb:261 - Set plugin images path to: C:\ST\STM32CubeIDE_1.14.1\STM32CubeIDE\plugins\com.st.stm32cube.common.mx_6.10.0.202311202037\\db\/plugins/mcufinder/images/
2025-09-03 21:00:53,030 [WARN] DbFile:41 - Overriding database path with different value: C:\Users\djspe\.stmcufinder\plugins\mcufinder/ => C:\Users\djspe\.stmcufinder\plugins\mcufinder
2025-09-03 21:00:53,030 [INFO] ApiDb:250 - Set database path to: C:\Users\djspe\.stmcufinder\plugins\mcufinder//mcu/
2025-09-03 21:00:53,030 [WARN] DbFile:41 - Overriding database path with different value: C:\Users\djspe\.stmcufinder\plugins\mcufinder/ => C:\Users\djspe\.stmcufinder\plugins\mcufinder
2025-09-03 21:00:53,030 [INFO] DbMcusAds:125 - Set database path to: C:\Users\djspe\.stmcufinder\plugins\mcufinder//mcu/
2025-09-03 21:00:53,031 [WARN] DbFile:41 - Overriding database path with different value: C:\Users\djspe\.stmcufinder\plugins\mcufinder/ => C:\Users\djspe\.stmcufinder\plugins\mcufinder
2025-09-03 21:00:53,031 [WARN] DbFile:41 - Overriding database path with different value: C:\Users\djspe\.stmcufinder\plugins\mcufinder/ => C:\Users\djspe\.stmcufinder\plugins\mcufinder
2025-09-03 21:00:53,031 [INFO] CrossReferenceDbSqlite:203 - Set database path to: C:\Users\djspe\.stmcufinder\plugins\mcufinder//mcu/cs/
2025-09-03 21:00:53,049 [INFO] ApplicationProperties:184 - Using Application install path: C:\ST\STM32CubeIDE_1.14.1\STM32CubeIDE\plugins\com.st.stm32cube.common.mx_6.10.0.202311202037
2025-09-03 21:00:53,050 [INFO] PluginManage:196 - Search for loadable plugins [exclusion list=, ]
2025-09-03 21:00:53,052 [INFO] PluginManage:310 - Check plugin analytics
2025-09-03 21:00:53,304 [INFO] AnalyticsPlugin:253 - Accepted Software Licenses: 
2025-09-03 21:00:53,306 [INFO] AnalyticsPlugin:255 - Accepted CMSIS Pack Licenses: 
2025-09-03 21:00:53,306 [INFO] AnalyticsPlugin:257 - Accepted Firmware Licenses: FW.F7.1.17.0
2025-09-03 21:00:53,313 [INFO] PluginManage:359 - Loaded plugin analytics (category:tool,tabindex:-1)
2025-09-03 21:00:53,313 [INFO] PluginManage:310 - Check plugin cadmodel
2025-09-03 21:00:53,335 [INFO] CADModel:105 - Init CAD model plugin
2025-09-03 21:00:53,336 [INFO] PluginManage:359 - Loaded plugin cadmodel (category:power,tabindex:5)
2025-09-03 21:00:53,336 [INFO] PluginManage:310 - Check plugin clock
2025-09-03 21:00:53,362 [INFO] PluginManage:359 - Loaded plugin clock (category:base,tabindex:2)
2025-09-03 21:00:53,362 [INFO] PluginManage:310 - Check plugin ddr
2025-09-03 21:00:53,364 [INFO] PluginManage:359 - Loaded plugin ddr (category:tool,tabindex:6)
2025-09-03 21:00:53,364 [INFO] PluginManage:310 - Check plugin filemanager
2025-09-03 21:00:53,532 [INFO] PluginManage:359 - Loaded plugin filemanager (category:base,tabindex:10)
2025-09-03 21:00:53,532 [INFO] PluginManage:310 - Check plugin ipmanager
2025-09-03 21:00:53,540 [INFO] PluginManage:359 - Loaded plugin ipmanager (category:base,tabindex:5)
2025-09-03 21:00:53,541 [INFO] PluginManage:310 - Check plugin lpbam
2025-09-03 21:00:53,562 [INFO] PluginManage:359 - Loaded plugin lpbam (category:base,tabindex:0)
2025-09-03 21:00:53,562 [INFO] PluginManage:310 - Check plugin memorymap
2025-09-03 21:00:53,592 [INFO] PluginManage:359 - Loaded plugin memorymap (category:base,tabindex:4)
2025-09-03 21:00:53,592 [INFO] PluginManage:310 - Check plugin pinoutandconfiguration
2025-09-03 21:00:53,649 [INFO] PluginManage:359 - Loaded plugin pinoutandconfiguration (category:base,tabindex:1)
2025-09-03 21:00:53,649 [INFO] PluginManage:310 - Check plugin pinoutconfig
2025-09-03 21:00:53,810 [WARN] SupportedApi:132 - Cannot load RTOS API schema: s4s-elt-must-match.1: The content of 'definitions' must match (annotation?, (simpleType | complexType)?, (unique | key | keyref)*)). A problem was found starting at: attribute.
2025-09-03 21:00:53,967 [INFO] PluginManage:359 - Loaded plugin pinoutconfig (category:base,tabindex:0)
2025-09-03 21:00:53,968 [INFO] PluginManage:310 - Check plugin power
2025-09-03 21:00:54,000 [INFO] PluginManage:359 - Loaded plugin power (category:power,tabindex:4)
2025-09-03 21:00:54,000 [INFO] PluginManage:310 - Check plugin projectmanager
2025-09-03 21:00:54,021 [INFO] PluginManage:359 - Loaded plugin projectmanager (category:projectmanager,tabindex:3)
2025-09-03 21:00:54,021 [INFO] PluginManage:310 - Check plugin thirdparty
2025-09-03 21:00:54,450 [INFO] PluginManage:359 - Loaded plugin thirdparty (category:base,tabindex:-1)
2025-09-03 21:00:54,450 [WARN] IntegrityCheckThread:84 - waiting for thirdparty lock release [integrity check]
2025-09-03 21:00:54,450 [INFO] PluginManage:310 - Check plugin tools
2025-09-03 21:00:54,450 [INFO] IntegrityCheckThread:86 - entering critical section [integrity check]
2025-09-03 21:00:54,451 [INFO] ThirdPartyUpdaterWithRetryManager:70 - Updater plugin not ready yet. [1/15]
2025-09-03 21:00:54,510 [INFO] PluginManage:359 - Loaded plugin tools (category:base,tabindex:7)
2025-09-03 21:00:54,510 [INFO] PluginManage:310 - Check plugin tutovideos
2025-09-03 21:00:54,748 [INFO] PluginManage:359 - Loaded plugin tutovideos (category:base,tabindex:-1)
2025-09-03 21:00:54,750 [INFO] PluginManage:310 - Check plugin updater
2025-09-03 21:00:54,765 [INFO] PluginManage:359 - Loaded plugin updater (category:base,tabindex:12)
2025-09-03 21:00:54,765 [INFO] PluginManage:310 - Check plugin userauth
2025-09-03 21:00:54,772 [INFO] UserAuth:114 - Init User Auth plugin
2025-09-03 21:00:54,773 [INFO] PluginManage:359 - Loaded plugin userauth (category:base,tabindex:14)
2025-09-03 21:00:54,773 [INFO] PluginManage:283 - PluginManage : Loaded plugins [17]
2025-09-03 21:00:55,078 [INFO] PinOutPanel:1499 - setPackage(No Configuration,No Configuration)
2025-09-03 21:00:55,198 [INFO] CADModel:165 - CPN selected for project level
2025-09-03 21:00:55,198 [INFO] CADModel:114 - Register for checkConnection events
2025-09-03 21:00:55,248 [INFO] IPUIPlugin:80 - create IPUIPlugin
2025-09-03 21:00:55,248 [INFO] PluginManager:220 - loadIPPluginJar : add adc
2025-09-03 21:00:55,315 [INFO] IPUIPlugin:80 - create IPUIPlugin
2025-09-03 21:00:55,315 [INFO] PluginManager:220 - loadIPPluginJar : add aes
2025-09-03 21:00:55,383 [INFO] IPUIPlugin:80 - create IPUIPlugin
2025-09-03 21:00:55,383 [INFO] PluginManager:220 - loadIPPluginJar : add can
2025-09-03 21:00:55,422 [INFO] IPUIPlugin:80 - create IPUIPlugin
2025-09-03 21:00:55,422 [INFO] PluginManager:220 - loadIPPluginJar : add comp
2025-09-03 21:00:55,473 [INFO] IPUIPlugin:80 - create IPUIPlugin
2025-09-03 21:00:55,473 [INFO] PluginManager:220 - loadIPPluginJar : add cryp
2025-09-03 21:00:55,513 [INFO] IPUIPlugin:80 - create IPUIPlugin
2025-09-03 21:00:55,513 [INFO] PluginManager:220 - loadIPPluginJar : add dfsdm
2025-09-03 21:00:55,529 [INFO] IPUIPlugin:80 - create IPUIPlugin
2025-09-03 21:00:55,530 [INFO] PluginManager:220 - loadIPPluginJar : add dma
2025-09-03 21:00:55,604 [INFO] IPUIPlugin:80 - create IPUIPlugin
2025-09-03 21:00:55,604 [INFO] PluginManager:220 - loadIPPluginJar : add dma3
2025-09-03 21:00:55,638 [INFO] IPUIPlugin:80 - create IPUIPlugin
2025-09-03 21:00:55,639 [INFO] PluginManager:220 - loadIPPluginJar : add fatfs
2025-09-03 21:00:55,706 [INFO] IPUIPlugin:80 - create IPUIPlugin
2025-09-03 21:00:55,706 [INFO] PluginManager:220 - loadIPPluginJar : add fmc
2025-09-03 21:00:55,724 [INFO] IPUIPlugin:80 - create IPUIPlugin
2025-09-03 21:00:55,724 [INFO] PluginManager:220 - loadIPPluginJar : add freertos
2025-09-03 21:00:55,751 [INFO] IPUIPlugin:80 - create IPUIPlugin
2025-09-03 21:00:55,752 [INFO] PluginManager:220 - loadIPPluginJar : add genericplugin
2025-09-03 21:00:55,889 [INFO] IPUIPlugin:80 - create IPUIPlugin
2025-09-03 21:00:55,889 [INFO] PluginManager:220 - loadIPPluginJar : add gfxmmu
2025-09-03 21:00:56,084 [INFO] IPUIPlugin:80 - create IPUIPlugin
2025-09-03 21:00:56,084 [INFO] PluginManager:220 - loadIPPluginJar : add gic
2025-09-03 21:00:56,120 [INFO] IPUIPlugin:80 - create IPUIPlugin
2025-09-03 21:00:56,120 [INFO] PluginManager:220 - loadIPPluginJar : add gpio
2025-09-03 21:00:56,244 [INFO] IPUIPlugin:80 - create IPUIPlugin
2025-09-03 21:00:56,244 [INFO] PluginManager:220 - loadIPPluginJar : add gtzc
2025-09-03 21:00:56,293 [INFO] IPUIPlugin:80 - create IPUIPlugin
2025-09-03 21:00:56,293 [INFO] PluginManager:220 - loadIPPluginJar : add hash
2025-09-03 21:00:56,363 [INFO] IPUIPlugin:80 - create IPUIPlugin
2025-09-03 21:00:56,363 [INFO] PluginManager:220 - loadIPPluginJar : add i2c
2025-09-03 21:00:56,421 [INFO] IPUIPlugin:80 - create IPUIPlugin
2025-09-03 21:00:56,421 [INFO] PluginManager:220 - loadIPPluginJar : add i2s
2025-09-03 21:00:56,484 [INFO] IPUIPlugin:80 - create IPUIPlugin
2025-09-03 21:00:56,484 [INFO] PluginManager:220 - loadIPPluginJar : add i3c
2025-09-03 21:00:56,646 [INFO] IPUIPlugin:80 - create IPUIPlugin
2025-09-03 21:00:56,647 [INFO] PluginManager:220 - loadIPPluginJar : add ipddr
2025-09-03 21:00:56,795 [INFO] IPUIPlugin:80 - create IPUIPlugin
2025-09-03 21:00:56,795 [INFO] PluginManager:220 - loadIPPluginJar : add linkedlist
2025-09-03 21:00:56,853 [INFO] IPUIPlugin:80 - create IPUIPlugin
2025-09-03 21:00:56,853 [INFO] PluginManager:220 - loadIPPluginJar : add lorawan
2025-09-03 21:00:56,909 [INFO] IPUIPlugin:80 - create IPUIPlugin
2025-09-03 21:00:56,909 [INFO] PluginManager:220 - loadIPPluginJar : add ltdc
2025-09-03 21:00:56,930 [INFO] IPUIPlugin:80 - create IPUIPlugin
2025-09-03 21:00:56,931 [INFO] PluginManager:220 - loadIPPluginJar : add mdma
2025-09-03 21:00:56,949 [INFO] IPUIPlugin:80 - create IPUIPlugin
2025-09-03 21:00:56,949 [INFO] PluginManager:220 - loadIPPluginJar : add nvic
2025-09-03 21:00:57,013 [INFO] IPUIPlugin:80 - create IPUIPlugin
2025-09-03 21:00:57,013 [INFO] PluginManager:220 - loadIPPluginJar : add opamp
2025-09-03 21:00:57,108 [INFO] IPUIPlugin:80 - create IPUIPlugin
2025-09-03 21:00:57,108 [INFO] PluginManager:220 - loadIPPluginJar : add openamp
2025-09-03 21:00:57,179 [INFO] IPUIPlugin:80 - create IPUIPlugin
2025-09-03 21:00:57,180 [INFO] PluginManager:220 - loadIPPluginJar : add pdm2pcm
2025-09-03 21:00:57,210 [INFO] IPUIPlugin:80 - create IPUIPlugin
2025-09-03 21:00:57,212 [INFO] PluginManager:220 - loadIPPluginJar : add plateformsettings
2025-09-03 21:00:57,247 [INFO] IPUIPlugin:80 - create IPUIPlugin
2025-09-03 21:00:57,247 [INFO] PluginManager:220 - loadIPPluginJar : add quadspi
2025-09-03 21:00:57,264 [INFO] IPUIPlugin:80 - create IPUIPlugin
2025-09-03 21:00:57,264 [INFO] PluginManager:220 - loadIPPluginJar : add resmgrutility
2025-09-03 21:00:57,337 [INFO] IPUIPlugin:80 - create IPUIPlugin
2025-09-03 21:00:57,337 [INFO] PluginManager:220 - loadIPPluginJar : add sai
2025-09-03 21:00:57,400 [INFO] IPUIPlugin:80 - create IPUIPlugin
2025-09-03 21:00:57,400 [INFO] PluginManager:220 - loadIPPluginJar : add spi
2025-09-03 21:00:57,452 [INFO] ThirdPartyUpdaterWithRetryManager:70 - Updater plugin not ready yet. [2/15]
2025-09-03 21:00:57,504 [INFO] IPUIPlugin:80 - create IPUIPlugin
2025-09-03 21:00:57,504 [INFO] PluginManager:220 - loadIPPluginJar : add stm32_wpan
2025-09-03 21:00:57,542 [INFO] IPUIPlugin:80 - create IPUIPlugin
2025-09-03 21:00:57,542 [INFO] PluginManager:220 - loadIPPluginJar : add tim
2025-09-03 21:00:57,621 [INFO] IPUIPlugin:80 - create IPUIPlugin
2025-09-03 21:00:57,622 [INFO] PluginManager:220 - loadIPPluginJar : add touchsensing
2025-09-03 21:00:57,668 [INFO] IPUIPlugin:80 - create IPUIPlugin
2025-09-03 21:00:57,668 [INFO] PluginManager:220 - loadIPPluginJar : add tracer_emb
2025-09-03 21:00:57,711 [INFO] IPUIPlugin:80 - create IPUIPlugin
2025-09-03 21:00:57,711 [INFO] PluginManager:220 - loadIPPluginJar : add ts
2025-09-03 21:00:57,742 [INFO] IPUIPlugin:80 - create IPUIPlugin
2025-09-03 21:00:57,743 [INFO] PluginManager:220 - loadIPPluginJar : add tsc
2025-09-03 21:00:57,784 [INFO] IPUIPlugin:80 - create IPUIPlugin
2025-09-03 21:00:57,784 [INFO] PluginManager:220 - loadIPPluginJar : add ucpd
2025-09-03 21:00:57,859 [INFO] IPUIPlugin:80 - create IPUIPlugin
2025-09-03 21:00:57,859 [INFO] PluginManager:220 - loadIPPluginJar : add usart
2025-09-03 21:00:57,935 [INFO] IPUIPlugin:80 - create IPUIPlugin
2025-09-03 21:00:57,935 [INFO] PluginManager:220 - loadIPPluginJar : add usbx
2025-09-03 21:00:58,084 [INFO] CADModel:165 - CPN selected for project level
2025-09-03 21:00:58,084 [INFO] CADModel:114 - Register for checkConnection events
2025-09-03 21:00:58,085 [FATAL] Updater:308 - Updater called before beeing initialized
2025-09-03 21:00:58,085 [ERROR] CADModel:125 - Updater not yet initialized, retry later 
2025-09-03 21:00:58,268 [INFO] CADModel:165 - CPN selected for project level
2025-09-03 21:00:58,268 [INFO] CADModel:114 - Register for checkConnection events
2025-09-03 21:00:58,268 [FATAL] Updater:308 - Updater called before beeing initialized
2025-09-03 21:00:58,268 [ERROR] CADModel:125 - Updater not yet initialized, retry later 
2025-09-03 21:00:58,271 [FATAL] Updater:308 - Updater called before beeing initialized
2025-09-03 21:00:58,427 [FATAL] Updater:308 - Updater called before beeing initialized
2025-09-03 21:00:58,443 [INFO] DbMcusAds:53 - JSON generation date=Tue Jul 08 01:14:23 PDT 2025 (1751962463582)
2025-09-03 21:00:58,443 [FATAL] Updater:308 - Updater called before beeing initialized
2025-09-03 21:00:58,539 [WARN] DetailPanel:346 - Failed to get advertising image, set to default
2025-09-03 21:00:58,649 [FATAL] Updater:308 - Updater called before beeing initialized
2025-09-03 21:00:58,650 [FATAL] Updater:308 - Updater called before beeing initialized
2025-09-03 21:00:58,650 [FATAL] Updater:308 - Updater called before beeing initialized
2025-09-03 21:00:58,650 [WARN] DetailPanel:346 - Failed to get advertising image, set to default
2025-09-03 21:00:58,651 [FATAL] Updater:308 - Updater called before beeing initialized
2025-09-03 21:00:58,737 [ERROR] Updater:1120 - MainUpdater not yet initialized. External WinMGr cannot be set.
2025-09-03 21:00:58,753 [INFO] Updater:1056 - Updater Version found : 6.10.0
2025-09-03 21:00:58,778 [INFO] ApplicationProperties:184 - Using Application install path: C:\ST\STM32CubeIDE_1.14.1\STM32CubeIDE\plugins\com.st.stm32cube.common.mx_6.10.0.202311202037
2025-09-03 21:01:00,364 [ERROR] LogOutputStream:75 - [STDERR_REDIRECT] Sep 03, 2025 9:01:00 PM java.util.prefs.WindowsPreferences <init>
2025-09-03 21:01:00,366 [ERROR] LogOutputStream:75 - [STDERR_REDIRECT] WARNING: Could not open/create prefs root node Software\JavaSoft\Prefs at root 0xffffffff80000002. Windows RegCreateKeyEx(...) returned error code 5.
2025-09-03 21:01:00,366 [ERROR] LogOutputStream:75 - [STDERR_REDIRECT] 
2025-09-03 21:01:00,453 [INFO] ThirdPartyUpdaterWithRetryManager:70 - Updater plugin not ready yet. [3/15]
2025-09-03 21:01:00,783 [INFO] MainUpdater:2873 - connection check result : 10
2025-09-03 21:01:00,784 [INFO] MainUpdater:290 - Updater Check For Update Now.
2025-09-03 21:01:00,784 [INFO] MicroXplorer:498 - Change Database Version : DB.6.0.100
2025-09-03 21:01:00,813 [INFO] McuFinderGlobals:63 - Set McuFinder mode to 2 (CubeIDE integrated)
2025-09-03 21:01:01,126 [INFO] CheckServerUpdateThread:120 - End of CheckServer Thread
2025-09-03 21:01:01,128 [INFO] UserAuth:404 - Internet connection configuration mode: 1
2025-09-03 21:01:01,165 [INFO] JxBrowserEngine:152 - Initiate JxBrowser Engine with user profile folder
2025-09-03 21:01:04,076 [WARN] PackLoader:240 - Cannot read IP mode file for STMicroelectronics.FP-SNS-MOTENVWB1.1.4.0
2025-09-03 21:01:04,144 [WARN] PackLoader:240 - Cannot read IP mode file for STMicroelectronics.FP-ATR-ASTRA1.2.0.2
2025-09-03 21:01:04,203 [WARN] PackLoader:240 - Cannot read IP mode file for STMicroelectronics.X-CUBE-SMBUS.2.1.0
2025-09-03 21:01:04,251 [ERROR] Engine:466 - C:\Users\djspe\.stm32cubemx\thirdparties\pdsc\STMicroelectronics.X-CUBE-ST60.1.0.0.pdsc: PDSC version is not supported
2025-09-03 21:01:04,387 [WARN] PackLoader:240 - Cannot read IP mode file for STMicroelectronics.X-CUBE-AZRTOS-F7.1.1.0
2025-09-03 21:01:04,437 [ERROR] Engine:466 - C:\Users\djspe\.stm32cubemx\thirdparties\pdsc\WES.I-CUBE-Cesium.1.4.0.pdsc: PDSC version is not supported
2025-09-03 21:01:04,514 [INFO] WebApp:161 - Instantiating new browser for Auth
2025-09-03 21:01:04,546 [WARN] PackLoader:240 - Cannot read IP mode file for Infineon.AIROC-Wi-Fi-Bluetooth-STM32.1.7.1
2025-09-03 21:01:04,718 [WARN] PackLoader:240 - Cannot read IP mode file for STMicroelectronics.X-CUBE-AZRTOS-H7.3.4.0
2025-09-03 21:01:04,791 [WARN] PackLoader:240 - Cannot read IP mode file for STMicroelectronics.X-CUBE-DISPLAY.3.0.0
2025-09-03 21:01:04,850 [WARN] PackLoader:240 - Cannot read IP mode file for STMicroelectronics.X-CUBE-NFC10.1.0.0
2025-09-03 21:01:04,895 [WARN] PackLoader:240 - Cannot read IP mode file for emotas.I-CUBE-CANOPEN.1.3.0
2025-09-03 21:01:04,947 [ERROR] Engine:466 - C:\Users\djspe\.stm32cubemx\thirdparties\pdsc\STMicroelectronics.FP-SNS-STBOX1.2.1.0.pdsc: PDSC version is not supported
2025-09-03 21:01:04,989 [WARN] PackLoader:240 - Cannot read IP mode file for STMicroelectronics.FP-SNS-SMARTAG2.1.2.0
2025-09-03 21:01:05,031 [ERROR] Engine:466 - C:\Users\djspe\.stm32cubemx\thirdparties\pdsc\STMicroelectronics.FP-SNS-FLIGHT1.5.1.0.pdsc: PDSC version is not supported
2025-09-03 21:01:05,084 [INFO] LogOutputStream:77 - [STDOUT_REDIRECT] 1 : Invalid condition id : UX_CORESTACK_Condition cause : null
2025-09-03 21:01:05,085 [INFO] LogOutputStream:77 - [STDOUT_REDIRECT] 1 : Invalid condition id : UX_CORESTACK_Condition cause : null
2025-09-03 21:01:05,089 [INFO] LogOutputStream:77 - [STDOUT_REDIRECT] 1 : Invalid condition id : UX_CORESTACK_Condition cause : null
2025-09-03 21:01:05,095 [INFO] LogOutputStream:77 - [STDOUT_REDIRECT] 1 : Invalid condition id : UX_CORESTACK_Condition cause : null
2025-09-03 21:01:05,098 [INFO] LogOutputStream:77 - [STDOUT_REDIRECT] 1 : Invalid condition id : UX_CORESTACK_Condition cause : null
2025-09-03 21:01:05,106 [WARN] PackLoader:240 - Cannot read IP mode file for STMicroelectronics.X-CUBE-AZRTOS-WL.2.0.0
2025-09-03 21:01:05,144 [WARN] PackLoader:240 - Cannot read IP mode file for STMicroelectronics.FP-SNS-MOTENV1.5.0.0
2025-09-03 21:01:05,177 [WARN] PackLoader:240 - Cannot read IP mode file for STMicroelectronics.X-CUBE-BLE2.3.3.0
2025-09-03 21:01:05,208 [WARN] PackLoader:240 - Cannot read IP mode file for STMicroelectronics.X-CUBE-NFC9.1.0.0
2025-09-03 21:01:05,239 [WARN] PackLoader:240 - Cannot read IP mode file for wolfSSL.I-CUBE-wolfSSL.5.8.2
2025-09-03 21:01:05,283 [WARN] PackLoader:240 - Cannot read IP mode file for STMicroelectronics.X-CUBE-BLE1.7.1.0
2025-09-03 21:01:05,312 [WARN] PackLoader:240 - Cannot read IP mode file for wolfSSL.I-CUBE-wolfMQTT.1.19.2
2025-09-03 21:01:05,346 [WARN] PackLoader:240 - Cannot read IP mode file for STMicroelectronics.X-CUBE-EEPRMA1.5.2.0
2025-09-03 21:01:05,400 [WARN] PackLoader:240 - Cannot read IP mode file for STMicroelectronics.X-CUBE-AZRTOS-G0.1.1.0
2025-09-03 21:01:05,429 [WARN] PackLoader:240 - Cannot read IP mode file for STMicroelectronics.X-CUBE-SAFEA1.1.2.2
2025-09-03 21:01:05,460 [WARN] PackLoader:240 - Cannot read IP mode file for STMicroelectronics.X-CUBE-NFC4.3.0.0
2025-09-03 21:01:05,508 [WARN] PackLoader:240 - Cannot read IP mode file for EmbeddedOffice.I-CUBE-FS-RTOS.1.0.1
2025-09-03 21:01:05,508 [ERROR] ConditionMgr:805 - Attr not supported : Dmpu
2025-09-03 21:01:05,508 [ERROR] ConditionMgr:805 - Attr not supported : Dmpu
2025-09-03 21:01:05,509 [ERROR] ConditionMgr:805 - Attr not supported : Dmpu
2025-09-03 21:01:05,509 [ERROR] ConditionMgr:805 - Attr not supported : Dmpu
2025-09-03 21:01:05,509 [ERROR] ConditionMgr:805 - Attr not supported : Dmpu
2025-09-03 21:01:05,509 [ERROR] ConditionMgr:805 - Attr not supported : Dmpu
2025-09-03 21:01:05,509 [ERROR] ConditionMgr:805 - Attr not supported : Dmpu
2025-09-03 21:01:05,509 [ERROR] ConditionMgr:805 - Attr not supported : Dmpu
2025-09-03 21:01:05,510 [ERROR] ConditionMgr:805 - Attr not supported : Dmpu
2025-09-03 21:01:05,510 [ERROR] ConditionMgr:805 - Attr not supported : Dmpu
2025-09-03 21:01:05,510 [ERROR] ConditionMgr:805 - Attr not supported : Dmpu
2025-09-03 21:01:05,510 [ERROR] ConditionMgr:805 - Attr not supported : Dmpu
2025-09-03 21:01:05,510 [ERROR] ConditionMgr:805 - Attr not supported : Dmpu
2025-09-03 21:01:05,510 [ERROR] ConditionMgr:805 - Attr not supported : Dmpu
2025-09-03 21:01:05,510 [ERROR] ConditionMgr:805 - Attr not supported : Dmpu
2025-09-03 21:01:05,511 [ERROR] ConditionMgr:805 - Attr not supported : Dmpu
2025-09-03 21:01:05,511 [ERROR] ConditionMgr:805 - Attr not supported : Dmpu
2025-09-03 21:01:05,511 [ERROR] ConditionMgr:805 - Attr not supported : Dmpu
2025-09-03 21:01:05,511 [ERROR] ConditionMgr:805 - Attr not supported : Dmpu
2025-09-03 21:01:05,511 [ERROR] ConditionMgr:805 - Attr not supported : Dmpu
2025-09-03 21:01:05,511 [ERROR] ConditionMgr:805 - Attr not supported : Dmpu
2025-09-03 21:01:05,511 [ERROR] ConditionMgr:805 - Attr not supported : Dmpu
2025-09-03 21:01:05,512 [ERROR] ConditionMgr:805 - Attr not supported : Dmpu
2025-09-03 21:01:05,512 [ERROR] ConditionMgr:805 - Attr not supported : Dmpu
2025-09-03 21:01:05,512 [ERROR] ConditionMgr:805 - Attr not supported : Dmpu
2025-09-03 21:01:05,512 [ERROR] ConditionMgr:805 - Attr not supported : Dmpu
2025-09-03 21:01:05,512 [ERROR] ConditionMgr:805 - Attr not supported : Dmpu
2025-09-03 21:01:05,513 [ERROR] ConditionMgr:805 - Attr not supported : Dmpu
2025-09-03 21:01:05,513 [ERROR] ConditionMgr:805 - Attr not supported : Dmpu
2025-09-03 21:01:05,513 [ERROR] ConditionMgr:805 - Attr not supported : Dmpu
2025-09-03 21:01:05,513 [ERROR] ConditionMgr:805 - Attr not supported : Dmpu
2025-09-03 21:01:05,514 [ERROR] ConditionMgr:805 - Attr not supported : Dmpu
2025-09-03 21:01:05,514 [ERROR] ConditionMgr:805 - Attr not supported : Dmpu
2025-09-03 21:01:05,514 [ERROR] ConditionMgr:805 - Attr not supported : Dmpu
2025-09-03 21:01:05,514 [ERROR] ConditionMgr:805 - Attr not supported : Dmpu
2025-09-03 21:01:05,514 [ERROR] ConditionMgr:805 - Attr not supported : Dmpu
2025-09-03 21:01:05,515 [ERROR] ConditionMgr:805 - Attr not supported : Dmpu
2025-09-03 21:01:05,515 [ERROR] ConditionMgr:805 - Attr not supported : Dmpu
2025-09-03 21:01:05,515 [ERROR] ConditionMgr:805 - Attr not supported : Dmpu
2025-09-03 21:01:05,515 [ERROR] ConditionMgr:805 - Attr not supported : Dmpu
2025-09-03 21:01:05,515 [ERROR] ConditionMgr:805 - Attr not supported : Dmpu
2025-09-03 21:01:05,516 [ERROR] ConditionMgr:805 - Attr not supported : Dmpu
2025-09-03 21:01:05,516 [ERROR] ConditionMgr:805 - Attr not supported : Dmpu
2025-09-03 21:01:05,516 [ERROR] ConditionMgr:805 - Attr not supported : Dmpu
2025-09-03 21:01:05,516 [ERROR] ConditionMgr:805 - Attr not supported : Dmpu
2025-09-03 21:01:05,516 [ERROR] ConditionMgr:805 - Attr not supported : Dmpu
2025-09-03 21:01:05,516 [ERROR] ConditionMgr:805 - Attr not supported : Dmpu
2025-09-03 21:01:05,517 [ERROR] ConditionMgr:805 - Attr not supported : Dmpu
2025-09-03 21:01:05,517 [ERROR] ConditionMgr:805 - Attr not supported : Dmpu
2025-09-03 21:01:05,517 [ERROR] ConditionMgr:805 - Attr not supported : Dmpu
2025-09-03 21:01:05,517 [ERROR] ConditionMgr:805 - Attr not supported : Dmpu
2025-09-03 21:01:05,517 [ERROR] ConditionMgr:805 - Attr not supported : Dmpu
2025-09-03 21:01:05,518 [ERROR] ConditionMgr:805 - Attr not supported : Dmpu
2025-09-03 21:01:05,518 [ERROR] ConditionMgr:805 - Attr not supported : Dmpu
2025-09-03 21:01:05,518 [ERROR] ConditionMgr:805 - Attr not supported : Dmpu
2025-09-03 21:01:05,518 [ERROR] ConditionMgr:805 - Attr not supported : Dmpu
2025-09-03 21:01:05,518 [ERROR] ConditionMgr:805 - Attr not supported : Dmpu
2025-09-03 21:01:05,518 [ERROR] ConditionMgr:805 - Attr not supported : Dmpu
2025-09-03 21:01:05,519 [ERROR] ConditionMgr:805 - Attr not supported : Dmpu
2025-09-03 21:01:05,519 [ERROR] ConditionMgr:805 - Attr not supported : Dmpu
2025-09-03 21:01:05,519 [ERROR] ConditionMgr:805 - Attr not supported : Dmpu
2025-09-03 21:01:05,519 [ERROR] ConditionMgr:805 - Attr not supported : Dmpu
2025-09-03 21:01:05,519 [ERROR] ConditionMgr:805 - Attr not supported : Dmpu
2025-09-03 21:01:05,520 [ERROR] ConditionMgr:805 - Attr not supported : Dmpu
2025-09-03 21:01:05,557 [WARN] PackLoader:240 - Cannot read IP mode file for STMicroelectronics.X-CUBE-WB05N.2.0.0
2025-09-03 21:01:05,588 [WARN] PackLoader:240 - Cannot read IP mode file for wolfSSL.I-CUBE-wolfTPM.3.8.0
2025-09-03 21:01:05,633 [ERROR] Engine:466 - C:\Users\djspe\.stm32cubemx\thirdparties\pdsc\STMicroelectronics.X-CUBE-TCPP.4.2.0.pdsc: PDSC version is not supported
2025-09-03 21:01:05,669 [WARN] PackLoader:240 - Cannot read IP mode file for RealThread.X-CUBE-RT-Thread_Nano.4.1.1
2025-09-03 21:01:05,704 [WARN] PackLoader:240 - Cannot read IP mode file for STMicroelectronics.FP-ATR-SIGFOX1.3.2.0
2025-09-03 21:01:05,746 [WARN] PackLoader:240 - Cannot read IP mode file for ITTIA_DB.I-CUBE-ITTIADB.8.9.0
2025-09-03 21:01:05,778 [ERROR] Engine:466 - C:\Users\djspe\.stm32cubemx\thirdparties\pdsc\STMicroelectronics.X-CUBE-ST67W61.1.0.0.pdsc: PDSC version is not supported
2025-09-03 21:01:05,804 [WARN] PackLoader:240 - Cannot read IP mode file for STMicroelectronics.X-CUBE-AI.10.2.0
2025-09-03 21:01:05,892 [WARN] PackLoader:240 - Cannot read IP mode file for SEGGER.I-CUBE-embOS.1.3.1
2025-09-03 21:01:05,999 [WARN] PackLoader:240 - Cannot read IP mode file for STMicroelectronics.X-CUBE-ALGOBUILD.1.4.0
2025-09-03 21:01:06,050 [INFO] WebApp:780 - Register for checkConnection events
2025-09-03 21:01:06,050 [INFO] WebApp:414 - Apply proxy settings
2025-09-03 21:01:06,050 [INFO] WebApp:499 - Chromium requires no authentication
2025-09-03 21:01:06,064 [INFO] WebApp:442 - Direct internet connection detected
2025-09-03 21:01:06,123 [WARN] PackLoader:240 - Cannot read IP mode file for STMicroelectronics.X-CUBE-MEMS1.11.3.0
2025-09-03 21:01:06,445 [WARN] PackLoader:240 - Cannot read IP mode file for STMicroelectronics.X-CUBE-PM33A1.1.0.0
2025-09-03 21:01:06,492 [WARN] PackLoader:240 - Cannot read IP mode file for STMicroelectronics.X-CUBE-AZRTOS-F4.1.1.0
2025-09-03 21:01:06,525 [WARN] PackLoader:240 - Cannot read IP mode file for STMicroelectronics.X-CUBE-ISPU.2.1.0
2025-09-03 21:01:06,543 [INFO] WebApp:192 - Starting web application
2025-09-03 21:01:06,543 [INFO] WebApp:544 - Web application path used C:\ST\STM32CubeIDE_1.14.1\STM32CubeIDE\plugins\com.st.stm32cube.common.mx_6.10.0.202311202037\db\plugins\mcufinder\reactClient1\index.html
2025-09-03 21:01:06,563 [WARN] PackLoader:240 - Cannot read IP mode file for STMicroelectronics.X-CUBE-NFC12.1.0.0
2025-09-03 21:01:06,639 [WARN] PackLoader:240 - Cannot read IP mode file for STMicroelectronics.X-CUBE-AZRTOS-L5.2.0.0
2025-09-03 21:01:06,686 [WARN] PackLoader:240 - Cannot read IP mode file for STMicroelectronics.X-CUBE-NFC6.3.1.0
2025-09-03 21:01:06,721 [WARN] PackLoader:240 - Cannot read IP mode file for STMicroelectronics.X-CUBE-FREERTOS.1.3.1
2025-09-03 21:01:06,750 [ERROR] Engine:466 - C:\Users\djspe\.stm32cubemx\thirdparties\pdsc\STMicroelectronics.FP-SNS-STAIOTCFT.1.0.0.pdsc: PDSC version is not supported
2025-09-03 21:01:06,780 [WARN] PackLoader:240 - Cannot read IP mode file for STMicroelectronics.X-CUBE-DPower.1.3.0
2025-09-03 21:01:06,835 [WARN] ConditionMgr:438 - getConditionDescription Invalid condition id : LAN8742 Phy interface Condition cause : null
2025-09-03 21:01:06,837 [WARN] PackLoader:240 - Cannot read IP mode file for STMicroelectronics.X-CUBE-AZRTOS-L4.2.0.0
2025-09-03 21:01:06,839 [WARN] ConditionMgr:1039 - genDependencies : Invalid condition id : LAN8742 Phy interface Condition cause : null
2025-09-03 21:01:06,839 [WARN] ConditionMgr:1039 - genDependencies : Invalid condition id : LAN8742 Phy interface Condition cause : null
2025-09-03 21:01:06,841 [WARN] ConditionMgr:1039 - genDependencies : Invalid condition id : LAN8742 Phy interface Condition cause : null
2025-09-03 21:01:06,880 [WARN] PackLoader:240 - Cannot read IP mode file for STMicroelectronics.X-CUBE-SFXS2LP1.4.0.0
2025-09-03 21:01:06,908 [ERROR] Engine:466 - C:\Users\djspe\.stm32cubemx\thirdparties\pdsc\STMicroelectronics.X-CUBE-BLEMGR.4.1.0.pdsc: PDSC version is not supported
2025-09-03 21:01:06,980 [WARN] ConditionMgr:438 - getConditionDescription Invalid condition id : UX DEVICE CLASS RTOS Condition cause : null
2025-09-03 21:01:06,981 [WARN] ConditionMgr:438 - getConditionDescription Invalid condition id : UX DEVICE CLASS RTOS Condition cause : null
2025-09-03 21:01:06,986 [WARN] PackLoader:240 - Cannot read IP mode file for STMicroelectronics.X-CUBE-AZRTOS-WB.2.0.0
2025-09-03 21:01:06,987 [WARN] ConditionMgr:1039 - genDependencies : Invalid condition id : UX DEVICE CLASS RTOS Condition cause : null
2025-09-03 21:01:06,987 [WARN] ConditionMgr:1039 - genDependencies : Invalid condition id : UX DEVICE CLASS RTOS Condition cause : null
2025-09-03 21:01:06,988 [WARN] ConditionMgr:1039 - genDependencies : Invalid condition id : UX DEVICE CLASS RTOS Condition cause : null
2025-09-03 21:01:06,990 [WARN] ConditionMgr:1039 - genDependencies : Invalid condition id : UX DEVICE CLASS RTOS Condition cause : null
2025-09-03 21:01:06,990 [WARN] ConditionMgr:1039 - genDependencies : Invalid condition id : UX DEVICE CLASS RTOS Condition cause : null
2025-09-03 21:01:07,031 [WARN] PackLoader:240 - Cannot read IP mode file for STMicroelectronics.X-CUBE-GNSS1.7.0.1
2025-09-03 21:01:07,081 [WARN] PackLoader:240 - Cannot read IP mode file for STMicroelectronics.X-CUBE-TOUCHGFX.4.25.0
2025-09-03 21:01:07,115 [WARN] ConditionMgr:438 - getConditionDescription Invalid condition id : Cortex-A Device cause : null
2025-09-03 21:01:07,186 [WARN] ConditionMgr:1039 - genDependencies : Invalid condition id : Cortex-A Device cause : null
2025-09-03 21:01:07,186 [WARN] ConditionMgr:1039 - genDependencies : Invalid condition id : Cortex-A Device cause : null
2025-09-03 21:01:07,186 [WARN] ConditionMgr:1039 - genDependencies : Invalid condition id : Cortex-A Device cause : null
2025-09-03 21:01:07,236 [WARN] PackLoader:240 - Cannot read IP mode file for STMicroelectronics.X-CUBE-SUBG2.5.0.0
2025-09-03 21:01:07,313 [WARN] PackLoader:240 - Cannot read IP mode file for STMicroelectronics.X-CUBE-AZRTOS-H7RS.1.1.0
2025-09-03 21:01:07,355 [WARN] PackLoader:240 - Cannot read IP mode file for Cesanta.I-CUBE-Mongoose.7.13.0
2025-09-03 21:01:07,414 [WARN] PackLoader:240 - Cannot read IP mode file for STMicroelectronics.X-CUBE-AZRTOS-G4.2.0.0
2025-09-03 21:01:07,445 [WARN] PackLoader:240 - Cannot read IP mode file for wolfSSL.I-CUBE-wolfSSH.1.4.20
2025-09-03 21:01:07,481 [WARN] PackLoader:240 - Cannot read IP mode file for STMicroelectronics.X-CUBE-NFC7.2.0.0
2025-09-03 21:01:07,514 [ERROR] Engine:466 - C:\Users\djspe\.stm32cubemx\thirdparties\pdsc\STMicroelectronics.X-CUBE-IPS.3.1.0.pdsc: PDSC version is not supported
2025-09-03 21:01:07,547 [WARN] PackLoader:240 - Cannot read IP mode file for STMicroelectronics.X-CUBE-ALS.1.0.2
2025-09-03 21:01:07,581 [WARN] PackLoader:240 - Cannot read IP mode file for STMicroelectronics.X-CUBE-STSE01.1.0.0
2025-09-03 21:01:07,613 [ERROR] Engine:466 - C:\Users\djspe\.stm32cubemx\thirdparties\pdsc\STMicroelectronics.X-CUBE-TOF1.3.4.3.pdsc: PDSC version is not supported
2025-09-03 21:01:07,613 [INFO] ThirdParty:978 - Integrity check success = true
2025-09-03 21:01:07,613 [INFO] IntegrityCheckThread:100 - exiting critical section [integrity check]
2025-09-03 21:01:07,613 [INFO] IntegrityCheckThread:103 - End integrity checks thread
2025-09-03 21:01:28,245 [ERROR] LogOutputStream:75 - [STDERR_REDIRECT] SLF4J: Failed to load class "org.slf4j.impl.StaticLoggerBinder".
2025-09-03 21:01:28,247 [ERROR] LogOutputStream:75 - [STDERR_REDIRECT] SLF4J: Defaulting to no-operation (NOP) logger implementation
2025-09-03 21:01:28,249 [ERROR] LogOutputStream:75 - [STDERR_REDIRECT] SLF4J: See http://www.slf4j.org/codes.html#StaticLoggerBinder for further details.
2025-09-03 21:02:06,971 [ERROR] LogOutputStream:75 - [STDERR_REDIRECT] 
