../Core/Src/main.c:107:7:PID_controller_1	64	static
../Core/Src/main.c:161:5:main	24	static
../Core/Src/main.c:260:6:SystemClock_Config	120	static
../Core/Src/main.c:321:13:MX_ADC3_Init	40	static
../Core/Src/main.c:385:13:MX_ETH_Init	8	static
../Core/Src/main.c:434:13:MX_TIM2_Init	64	static
../Core/Src/main.c:493:13:MX_USART3_UART_Init	8	static
../Core/Src/main.c:541:13:MX_USB_OTG_FS_PCD_Init	8	static
../Core/Src/main.c:577:13:MX_GPIO_Init	56	static
../Core/Src/main.c:640:6:HAL_ADC_ConvCpltCallback	16	static
../Core/Src/main.c:654:6:Error_Handler	4	static,ignoring_inline_asm
