../Core/Src/main.c:88:5:main	8	static
../Core/Src/main.c:154:6:SystemClock_Config	88	static
../Core/Src/main.c:209:13:MX_TIM1_Init	112	static
../Core/Src/main.c:289:13:MX_TIM2_Init	40	static
../Core/Src/main.c:334:13:MX_TIM3_Init	56	static
../Core/Src/main.c:383:13:MX_USART3_UART_Init	8	static
../Core/Src/main.c:418:13:MX_GPIO_Init	56	static
../Core/Src/main.c:538:6:HAL_TIM_IC_CaptureCallback	16	static
../Core/Src/main.c:544:6:HAL_UART_RxCpltCallback	24	static
../Core/Src/main.c:576:6:Error_Handler	4	static,ignoring_inline_asm
