../Core/Src/main.c:90:5:main	1
../Core/Src/main.c:144:6:SystemClock_Config	4
../Core/Src/main.c:199:13:MX_UART4_Init	2
../Core/Src/main.c:234:13:MX_UART5_Init	2
../Core/Src/main.c:269:13:MX_UART7_Init	2
../Core/Src/main.c:304:13:MX_USART2_UART_Init	2
../Core/Src/main.c:339:13:MX_USART3_UART_Init	2
../Core/Src/main.c:374:13:MX_GPIO_Init	1
../Core/Src/main.c:474:9:verify_dh_dl	2
../Core/Src/main.c:482:10:convert_data	1
../Core/Src/main.c:487:6:HAL_UART_RxCpltCallback	5
../Core/Src/main.c:527:6:Error_Handler	1
