../Core/Src/main.c:113:5:main	48	static
../Core/Src/main.c:200:6:SystemClock_Config	88	static
../Core/Src/main.c:254:13:MX_ETH_Init	8	static
../Core/Src/main.c:303:13:MX_TIM3_Init	56	static
../Core/Src/main.c:352:13:MX_TIM4_Init	56	static
../Core/Src/main.c:401:13:MX_TIM10_Init	40	static
../Core/Src/main.c:447:13:MX_TIM11_Init	40	static
../Core/Src/main.c:493:13:MX_TIM13_Init	40	static
../Core/Src/main.c:539:13:MX_UART4_Init	8	static
../Core/Src/main.c:574:13:MX_UART5_Init	8	static
../Core/Src/main.c:609:13:MX_UART7_Init	8	static
../Core/Src/main.c:644:13:MX_USART2_UART_Init	8	static
../Core/Src/main.c:679:13:MX_GPIO_Init	40	static
../Core/Src/main.c:711:6:StartDefaultTask	16	static
../Core/Src/main.c:724:6:MPU_Config	24	static
../Core/Src/main.c:755:6:Error_Handler	4	static,ignoring_inline_asm
