../Core/Src/main.c:107:5:main	8	static
../Core/Src/main.c:164:6:SystemClock_Config	88	static
../Core/Src/main.c:219:13:MX_ETH_Init	8	static
../Core/Src/main.c:268:13:MX_TIM1_Init	96	static
../Core/Src/main.c:338:13:MX_TIM2_Init	48	static
../Core/Src/main.c:387:13:MX_TIM3_Init	48	static
../Core/Src/main.c:436:13:MX_TIM4_Init	56	static
../Core/Src/main.c:485:13:MX_TIM8_Init	56	static
../Core/Src/main.c:536:13:MX_USART1_UART_Init	8	static
../Core/Src/main.c:571:13:MX_USART2_UART_Init	8	static
../Core/Src/main.c:606:13:MX_USART3_UART_Init	8	static
../Core/Src/main.c:641:13:MX_USART6_UART_Init	8	static
../Core/Src/main.c:676:13:MX_GPIO_Init	40	static
../Core/Src/main.c:702:6:MPU_Config	24	static
../Core/Src/main.c:733:6:Error_Handler	4	static,ignoring_inline_asm
