../Drivers/CMSIS/Include/core_cm7.h:2229:22:SCB_EnableICache	4	static,ignoring_inline_asm
../Drivers/CMSIS/Include/core_cm7.h:2281:22:SCB_EnableDCache	24	static,ignoring_inline_asm
../Core/Src/main.c:127:6:print_ip_uart	160	static
../Core/Src/main.c:78:5:main	16	static
../Core/Src/main.c:162:6:SystemClock_Config	88	static
../Core/Src/main.c:216:13:MX_TIM1_Init	40	static
../Core/Src/main.c:263:13:MX_TIM2_Init	48	static
../Core/Src/main.c:316:13:MX_TIM10_Init	40	static
../Core/Src/main.c:362:13:MX_TIM13_Init	8	static
../Core/Src/main.c:393:13:MX_USART3_UART_Init	8	static
../Core/Src/main.c:428:13:MX_GPIO_Init	56	static
../Core/Src/main.c:498:6:MPU_Config	24	static
../Core/Src/main.c:529:6:Error_Handler	4	static,ignoring_inline_asm
