../Drivers/CMSIS/Include/core_cm7.h:2229:22:SCB_EnableICache	4	static,ignoring_inline_asm
../Drivers/CMSIS/Include/core_cm7.h:2281:22:SCB_EnableDCache	24	static,ignoring_inline_asm
../Core/Src/main.c:78:5:main	8	static
../Core/Src/main.c:136:6:SystemClock_Config	88	static
../Core/Src/main.c:190:13:MX_TIM1_Init	40	static
../Core/Src/main.c:237:13:MX_TIM2_Init	48	static
../Core/Src/main.c:290:13:MX_TIM10_Init	40	static
../Core/Src/main.c:336:13:MX_TIM13_Init	8	static
../Core/Src/main.c:367:13:MX_USART3_UART_Init	8	static
../Core/Src/main.c:402:13:MX_GPIO_Init	56	static
../Core/Src/main.c:472:6:MPU_Config	24	static
../Core/Src/main.c:503:6:Error_Handler	4	static,ignoring_inline_asm
