../Drivers/CMSIS/Include/core_cm7.h:2229:22:SCB_EnableICache	1
../Drivers/CMSIS/Include/core_cm7.h:2281:22:SCB_EnableDCache	3
../Core/Src/main.c:127:6:print_ip_uart	1
../Core/Src/main.c:78:5:main	1
../Core/Src/main.c:162:6:SystemClock_Config	4
../Core/Src/main.c:216:13:MX_TIM1_Init	4
../Core/Src/main.c:263:13:MX_TIM2_Init	5
../Core/Src/main.c:316:13:MX_TIM10_Init	4
../Core/Src/main.c:362:13:MX_TIM13_Init	2
../Core/Src/main.c:393:13:MX_USART3_UART_Init	2
../Core/Src/main.c:428:13:MX_GPIO_Init	1
../Core/Src/main.c:498:6:MPU_Config	1
../Core/Src/main.c:529:6:Error_Handler	1
